// Jest Snapshot v1, https://goo.gl/fbAQLP

exports[`Testing WaitingRoom Container Check render 1`] = `
<Provider
  store={
    Object {
      "clearActions": [Function],
      "dispatch": [Function],
      "getActions": [Function],
      "getState": [Function],
      "replaceReducer": [Function],
      "subscribe": [Function],
    }
  }
>
  <WaitingRoom
    id="gameSettingsPopup"
  >
    <styled.div>
      <div
        className="sc-bdnxRM kNCjGk"
      >
        <styled.div>
          <div
            className="sc-dlnjwi kYnDVn"
          >
            <h2
              className="waitingRoomTitle"
            >
              GAME
            </h2>
            <button
              className="settingsBtn"
              id="showSettingPopup"
            >
              <img
                alt="settings"
                className="settingsImg"
                onClick={[Function]}
                src="./settingBtn.png"
              />
            </button>
          </div>
        </styled.div>
        <ul
          className="waitingPlayerList"
        >
          <styled.li
            color="#f53643"
            key="0"
          >
            <li
              className="sc-hKFxyN eTyhPE"
              color="#f53643"
            >
              toto (me)
            </li>
          </styled.li>
        </ul>
        <styled.div>
          <div
            className="sc-gtsrHT hVRCUb"
          >
            <button
              className="LeaveButton"
              onClick={[Function]}
            >
              LEAVE
            </button>
            <button
              className="PlayButton"
              onClick={[Function]}
            >
              PLAY
            </button>
          </div>
        </styled.div>
        <GameSettings>
          <styled.div
            id="gameSettingsPopup"
          >
            <div
              className="sc-eCApnc dxdVpO"
              id="gameSettingsPopup"
            >
              <styled.div>
                <div
                  className="sc-jSFjdj eXbZAp"
                >
                  <div
                    className="settings-header"
                  >
                    <span
                      className="CloseButton"
                      id="closebtn"
                      onClick={[Function]}
                    >
                      Ã—
                    </span>
                    <h2>
                      SETTINGS
                    </h2>
                  </div>
                  <ul
                    className="options-list"
                  >
                    <li
                      className="options-elem"
                      key="1"
                    >
                      DIFFICULTY:
                      <RadioOptions
                        settingId={1}
                      >
                        <div
                          className="radio-group"
                        >
                          <input
                            checked={false}
                            id="opt-1"
                            name="selector-1"
                            onChange={[Function]}
                            type="radio"
                          />
                          <label
                            htmlFor="opt-1"
                          >
                            EASY
                          </label>
                          <input
                            checked={true}
                            id="opt-2"
                            name="selector-1"
                            onChange={[Function]}
                            type="radio"
                          />
                          <label
                            htmlFor="opt-2"
                          >
                            MEDIUM
                          </label>
                          <input
                            checked={false}
                            id="opt-3"
                            name="selector-1"
                            onChange={[Function]}
                            type="radio"
                          />
                          <label
                            htmlFor="opt-3"
                          >
                            HARD
                          </label>
                          <input
                            checked={false}
                            id="opt-4"
                            name="selector-1"
                            onChange={[Function]}
                            type="radio"
                          />
                          <label
                            htmlFor="opt-4"
                          >
                            LEVEL
                          </label>
                        </div>
                      </RadioOptions>
                    </li>
                    <li
                      className="options-elem"
                      key="2"
                    >
                      NUMBER OF NEXT TETROMINOS:
                      <RadioOptions
                        settingId={2}
                      >
                        <div
                          className="radio-group"
                        >
                          <input
                            checked={false}
                            id="opt-5"
                            name="selector-2"
                            onChange={[Function]}
                            type="radio"
                          />
                          <label
                            htmlFor="opt-5"
                          >
                            1
                          </label>
                          <input
                            checked={false}
                            id="opt-6"
                            name="selector-2"
                            onChange={[Function]}
                            type="radio"
                          />
                          <label
                            htmlFor="opt-6"
                          >
                            2
                          </label>
                          <input
                            checked={true}
                            id="opt-7"
                            name="selector-2"
                            onChange={[Function]}
                            type="radio"
                          />
                          <label
                            htmlFor="opt-7"
                          >
                            3
                          </label>
                          <input
                            checked={false}
                            id="opt-8"
                            name="selector-2"
                            onChange={[Function]}
                            type="radio"
                          />
                          <label
                            htmlFor="opt-8"
                          >
                            4
                          </label>
                          <input
                            checked={false}
                            id="opt-9"
                            name="selector-2"
                            onChange={[Function]}
                            type="radio"
                          />
                          <label
                            htmlFor="opt-9"
                          >
                            5
                          </label>
                        </div>
                      </RadioOptions>
                    </li>
                    <li
                      className="options-elem"
                      key="3"
                    >
                      DELETE OWN INDESTRUTIBLE LINES:
                      <RadioOptions
                        settingId={3}
                      >
                        <div
                          className="radio-group"
                        >
                          <input
                            checked={true}
                            id="opt-10"
                            name="selector-3"
                            onChange={[Function]}
                            type="radio"
                          />
                          <label
                            htmlFor="opt-10"
                          >
                            FALSE
                          </label>
                          <input
                            checked={false}
                            id="opt-11"
                            name="selector-3"
                            onChange={[Function]}
                            type="radio"
                          />
                          <label
                            htmlFor="opt-11"
                          >
                            TRUE
                          </label>
                        </div>
                      </RadioOptions>
                    </li>
                  </ul>
                </div>
              </styled.div>
            </div>
          </styled.div>
        </GameSettings>
      </div>
    </styled.div>
  </WaitingRoom>
</Provider>
`;
